--- Environment Preflight ---
Python executable: /scratch/bmb646/Endo-Review/Endo_Review_Ollama/.venv/bin/python
Python version: 3.11.9
Python dependency check: pandas OK
R version: 4.5.2 
--- Starting Python Processing ---
Step 1: Standardizing Metadata...
[2026-04-30 11:44:39] Starting standardization...
[2026-04-30 11:44:39] Input file: data/Ollama_cleaned_synresolved.csv
[2026-04-30 11:44:39] Opened file, reading headers...
[2026-04-30 11:44:39] Headers: 30 columns
[2026-04-30 11:44:39] Processing data/Ollama_cleaned_synresolved.csv...
  Row      0 (elapsed: 0.0s, rate: 0 rows/sec)
  Row   5000 (elapsed: 62.3s, rate: 80 rows/sec)
  Row  10000 (elapsed: 137.6s, rate: 73 rows/sec)
  Row  15000 (elapsed: 216.8s, rate: 69 rows/sec)
  Row  20000 (elapsed: 298.1s, rate: 67 rows/sec)
  Row  25000 (elapsed: 371.5s, rate: 67 rows/sec)
  Row  30000 (elapsed: 448.3s, rate: 67 rows/sec)
  Row  35000 (elapsed: 507.8s, rate: 69 rows/sec)
  Row  40000 (elapsed: 593.5s, rate: 67 rows/sec)
[2026-04-30 11:54:34] Loaded 40122 rows in 595.1s
[2026-04-30 11:54:34] Recovering taxonomy misplacements...
[2026-04-30 11:54:34] Taxonomy recovery added 0 rows in 0.1s
[2026-04-30 11:54:34] Expanding multi-value rows...
  [expand_multi_value_rows] Starting with 40122 rows
    Processing row 0/40122 (expanded to 0 so far)
    Processing row 5000/40122 (expanded to 7602 so far)
    Processing row 10000/40122 (expanded to 15247 so far)
    Processing row 15000/40122 (expanded to 23855 so far)
    Processing row 20000/40122 (expanded to 31392 so far)
    Processing row 25000/40122 (expanded to 39549 so far)
    Processing row 30000/40122 (expanded to 48044 so far)
    Processing row 35000/40122 (expanded to 55978 so far)
    Processing row 40000/40122 (expanded to 65107 so far)
  [expand_multi_value_rows] Completed:
    Input rows: 40122
    Output rows: 65294
    Total expansions: 41977
    Max single-row expansion: 26x
    Rows with 10+ expansions: 102
      Row 185: 12x - {12: 6, 7: 2}
      Row 5181: 12x - {7: 2, 9: 3, 11: 2}
      Row 5208: 12x - {7: 2, 9: 3, 11: 2}
      Row 7713: 14x - {12: 7, 7: 2}
      Row 14081: 16x - {12: 2, 7: 2, 9: 2, 11: 2}
[2026-04-30 11:57:19] Multi-value expansion completed in 165.3s
[2026-04-30 11:57:19] Writing 65294 rows to data/Ollama_cleaned_synresolved_standardized_final.csv...
[2026-04-30 11:57:20] Write completed in 0.8s

[2026-04-30 11:57:20] Standardization complete in 761.4s:
  Original rows: 40122
  Rows after taxonomy recovery: 40122 (+0)
  Expanded rows: 65294
  New rows added (multi-value expansion): 25172
  Saved to: data/Ollama_cleaned_synresolved_standardized_final.csv
  Values searched: country, tissue, primary_guild, biome, taxonomy recovery
Step 1a: Enriching Publication Year...
[2026-04-30T12:44:56.004] error: *** JOB 28263200 ON cn67 CANCELLED AT 2026-04-30T12:44:56 DUE TO TIME LIMIT ***
