Linked data/Reference_datasets/gbif_backbone -> ../data/Reference_datasets/gbif_backbone
Detected data/Ollama_cleaned_synresolved_standardized_year.csv; defaulting START_STEP=2 to skip standardization and year enrichment.
--- Environment Preflight ---
Python executable: /scratch/bmb646/Endo-Review/Endo_Review_Ollama/.venv/bin/python
Python version: 3.11.9
Python dependency check: pandas OK
R version: 4.5.2 
--- Starting Python Processing ---
Step 1: Standardizing Metadata...
Skipping Step 1 (START_STEP=2)
Step 1a: Enriching Publication Year...
Skipping Step 1a (START_STEP=2)
Step 2: Filtering Dataset...
======================================================================
FILTERING COMPLETE
======================================================================

STARTING DATASET:
  Interactions: 65,294  |  Unique Papers: 18,751

PAPERS LOST BY EACH FILTER:
  After Relevance Check:    18,751 → 18,680  (Lost 71)
  After Kingdom Check:      18,680 → 18,680  (Lost 0)
  After Phylum/Class Check: 18,680 → 18,680  (Lost 0)
  After Guild Check:        18,680 → 17,442  (Lost 1,239)

FINAL DATASET:
  Interactions: 60,999  |  Unique Papers: 18,332
  Total Papers Lost: 419
  Output File: data/Ollama_cleaned_synresolved_filtered.csv
  Filtered Rows File: results/logs/filtered_rows.csv
======================================================================
--- Starting R Geographic Processing ---
Step 3: Geographic Standardizing (ISO Mapping)...
Linking to GEOS 3.14.1, GDAL 3.5.3, PROJ 9.4.1; sf_use_s2() is TRUE

Attaching package: ‘dplyr’

The following objects are masked from ‘package:stats’:

    filter, lag

The following objects are masked from ‘package:base’:

    intersect, setdiff, setequal, union

Found 59 unmatched country terms. Saving to results/unmatched_countries.csv
Standardized country data saved to data/standardized_country_data.csv
Step 4: Country Enrichment (GDP/Centroids)...

Attaching package: ‘dplyr’

The following objects are masked from ‘package:stats’:

    filter, lag

The following objects are masked from ‘package:base’:

    intersect, setdiff, setequal, union

Linking to GEOS 3.14.1, GDAL 3.5.3, PROJ 9.4.1; sf_use_s2() is TRUE
Country enrichment complete:
  Input rows: 8766
  Countries with studies: 154
  Countries enriched: 234
  Countries with zero studies: 85
  Saved to: data/country_enriched_data.csv
--- Final Audit ---
Step 5: Generating Dataset Summary...
============================================================
DATABASE SUMMARY: 60,999 total interactions
============================================================

TOP VALUES FOR: fungal_taxon_phylum
------------------------------
 60,999 (100.0%) | MISSING

TOP VALUES FOR: fungal_taxon_class
------------------------------
 60,999 (100.0%) | MISSING

TOP VALUES FOR: plant_host_phylum
------------------------------
 60,999 (100.0%) | MISSING

TOP VALUES FOR: plant_host_class
------------------------------
 60,999 (100.0%) | MISSING

TOP VALUES FOR: tissue
------------------------------
 14,497 ( 23.8%) | root
 12,895 ( 21.1%) | EMPTY
 10,793 ( 17.7%) | leaf
  5,790 (  9.5%) | stem
  5,419 (  8.9%) | seed
  1,488 (  2.4%) | wood
  1,081 (  1.8%) | fruit
    723 (  1.2%) | rhizosphere
    661 (  1.1%) | "internal tissues
    557 (  0.9%) | soil

TOP VALUES FOR: primary_guild
------------------------------
 27,013 ( 44.3%) | endophyte
 11,561 ( 19.0%) | pathogen
 10,511 ( 17.2%) | endophytic
  3,083 (  5.1%) | biocontrol
  2,403 (  3.9%) | EMPTY
  1,258 (  2.1%) | mutualist
  1,257 (  2.1%) | saprotroph
  1,042 (  1.7%) | mycorrhizal
    837 (  1.4%) | pathogenic
    788 (  1.3%) | symbiotic

TOP VALUES FOR: relevance
------------------------------
 60,999 (100.0%) | Relevant

TOP VALUES FOR: doc_type_ai
------------------------------
 48,502 ( 79.5%) | abstract
 12,399 ( 20.3%) | full-text
     54 (  0.1%) | review
     26 (  0.0%) | EMPTY
     13 (  0.0%) | title
      2 (  0.0%) | report
      1 (  0.0%) | book chapter
      1 (  0.0%) | journal
      1 (  0.0%) | text

TOP VALUES FOR: fungal_taxon_status
------------------------------
 41,125 ( 67.4%) | Resolved
 19,604 ( 32.1%) | Unresolved
    270 (  0.4%) | Partially_Resolved

TOP VALUES FOR: plant_host_status
------------------------------
 49,166 ( 80.6%) | Resolved
 11,464 ( 18.8%) | Unresolved
    369 (  0.6%) | Partially_Resolved

============================================================
ENVIRONMENTAL AUDIT: 60,999 total interactions
============================================================

TOP VALUES FOR: country
------------------------------
 25,548 ( 41.9%) | NA
  6,443 ( 10.6%) | CHN
  2,845 (  4.7%) | IND
  2,676 (  4.4%) | USA
  2,439 (  4.0%) | BRA
    981 (  1.6%) | IDN
    970 (  1.6%) | CAN
    778 (  1.3%) | AUS
    724 (  1.2%) | ZAF
    712 (  1.2%) | THA

TOP VALUES FOR: biome
------------------------------
 25,822 ( 42.3%) | NA
  7,456 ( 12.2%) | forest
  4,964 (  8.1%) | agriculture
  1,726 (  2.8%) | field
  1,650 (  2.7%) | grassland
  1,506 (  2.5%) | mountain
  1,320 (  2.2%) | marine
  1,146 (  1.9%) | mangrove
  1,096 (  1.8%) | desert
    751 (  1.2%) | tropical

TOP VALUES FOR: data_source
------------------------------
 49,409 ( 81.0%) | abstract-csv
 11,590 ( 19.0%) | full-text
Step 6: Running pre-analysis QA check...
========================================================================
PRE-ANALYSIS QA CHECK
========================================================================
Standardized file: data/Ollama_cleaned_synresolved_standardized_final.csv
Rows: 65,294
Unique papers: 18,751
Unique interaction IDs: 40,122

STRUCTURAL CHECKS
------------------------------------------------------------------------
Required columns present: yes
Duplicate interaction rows: 25,172
Duplicate interaction IDs: 16,805

KEY STATUS COUNTS
------------------------------------------------------------------------
fungal_taxon_status: resolved/other=44,468 | unresolved/empty=20,826
plant_host_status: resolved/other=53,020 | unresolved/empty=12,274

MISSINGNESS
------------------------------------------------------------------------
paper_id: 0 missing (0.0%)
interaction_id: 0 missing (0.0%)
fungal_taxon_resolved: 20,826 missing (31.9%)
fungal_taxon_status: 20,826 missing (31.9%)
fungal_taxon_accepted_ids: 20,826 missing (31.9%)
plant_host_resolved: 12,274 missing (18.8%)
plant_host_status: 12,274 missing (18.8%)
plant_host_accepted_ids: 12,274 missing (18.8%)
country: 27,370 missing (41.9%)
biome: 27,066 missing (41.5%)
tissue: 13,296 missing (20.4%)
primary_guild: 2,451 missing (3.8%)

FILTERING RECONCILIATION
------------------------------------------------------------------------
Filtered file rows: 60,999
Filtered audit rows: 4,295
Filtered + audit rows: 65,294

SUMMARY COUNTS
------------------------------------------------------------------------
country: top='NA' (27,370)
biome: top='NA' (27,066)
tissue: top='root' (17,401)
primary_guild: top='endophyte' (27,019)
relevance: top='Relevant' (65,164)
doc_type_ai: top='abstract' (52,116)

WARNINGS
------------------------------------------------------------------------
- Duplicate interaction_id values found across 25,172 extra row(s).

STATUS: PASS_WITH_WARNINGS
--- Starting Stage 04 Analyses ---
Running Geographic Bias Analysis...

Attaching package: ‘dplyr’

The following objects are masked from ‘package:stats’:

    filter, lag

The following objects are masked from ‘package:base’:

    intersect, setdiff, setequal, union


Attaching package: ‘scales’

The following object is masked from ‘package:readr’:

    col_factor


Call:
lm(formula = study_count ~ centroid_lat, data = analysis_data)

Residuals:
    Min      1Q  Median      3Q     Max 
 -53.49  -37.21  -30.51  -17.69 1555.84 

Coefficients:
             Estimate Std. Error t value Pr(>|t|)   
(Intercept)   30.7082    10.6259   2.890  0.00422 **
centroid_lat   0.3665     0.3392   1.081  0.28101   
---
Signif. codes:  0 ‘***’ 0.001 ‘**’ 0.01 ‘*’ 0.05 ‘.’ 0.1 ‘ ’ 1

Residual standard error: 137.4 on 232 degrees of freedom
Multiple R-squared:  0.005008,	Adjusted R-squared:  0.000719 
F-statistic: 1.168 on 1 and 232 DF,  p-value: 0.281


Call:
lm(formula = study_count ~ gdp_log10, data = analysis_data)

Residuals:
    Min      1Q  Median      3Q     Max 
-115.79  -51.89  -19.95   24.12 1379.54 

Coefficients:
            Estimate Std. Error t value Pr(>|t|)    
(Intercept) -668.519     91.943  -7.271 7.11e-12 ***
gdp_log10     66.977      8.648   7.745 4.12e-13 ***
---
Signif. codes:  0 ‘***’ 0.001 ‘**’ 0.01 ‘*’ 0.05 ‘.’ 0.1 ‘ ’ 1

Residual standard error: 127.7 on 208 degrees of freedom
  (24 observations deleted due to missingness)
Multiple R-squared:  0.2238,	Adjusted R-squared:  0.2201 
F-statistic: 59.99 on 1 and 208 DF,  p-value: 4.122e-13

`geom_smooth()` using formula = 'y ~ x'
Country GDP/latitude analysis complete:
  Input countries: 234
  Countries analyzed: 234
  Correlation rows written: 2
  Summary table saved to: results/country_analysis/country_gdp_latitude_summary.csv
  Correlations saved to: results/country_analysis/country_gdp_latitude_correlations.csv
  Scatter plot saved to: results/country_analysis/country_gdp_latitude_scatter.png
Running Taxonomic Bias Analysis...

Attaching package: ‘dplyr’

The following objects are masked from ‘package:stats’:

    filter, lag

The following objects are masked from ‘package:base’:

    intersect, setdiff, setequal, union


Attaching package: ‘scales’

The following object is masked from ‘package:readr’:

    col_factor

Error: GBIF Taxon.tsv file not found: data/Reference_datasets/gbif_backbone/Taxon.tsv
Execution halted
