--- Environment Preflight ---
Python executable: /scratch/bmb646/Endo-Review/Endo_Review_Ollama/.venv/bin/python
Python version: 3.11.9
Python dependency check: pandas OK
R version: 4.5.2 
--- Starting Python Processing ---
Step 1: Standardizing Metadata...
[2026-04-30 10:41:35] Starting standardization...
[2026-04-30 10:41:35] Input file: data/Ollama_cleaned_synresolved.csv
[2026-04-30 10:41:35] Opened file, reading headers...
[2026-04-30 10:41:35] Headers: 30 columns
[2026-04-30 10:41:35] Processing data/Ollama_cleaned_synresolved.csv...
  Row      0 (elapsed: 0.0s, rate: 0 rows/sec)
  Row   5000 (elapsed: 63.1s, rate: 79 rows/sec)
  Row  10000 (elapsed: 139.4s, rate: 72 rows/sec)
  Row  15000 (elapsed: 221.4s, rate: 68 rows/sec)
  Row  20000 (elapsed: 304.5s, rate: 66 rows/sec)
  Row  25000 (elapsed: 379.6s, rate: 66 rows/sec)
  Row  30000 (elapsed: 458.2s, rate: 65 rows/sec)
  Row  35000 (elapsed: 519.2s, rate: 67 rows/sec)
  Row  40000 (elapsed: 607.2s, rate: 66 rows/sec)
[2026-04-30 10:51:43] Loaded 40122 rows in 608.8s
[2026-04-30 10:51:43] Recovering taxonomy misplacements...
[2026-04-30 10:51:43] Taxonomy recovery added 0 rows in 0.1s
[2026-04-30 10:51:43] Expanding multi-value rows...
  [expand_multi_value_rows] Starting with 40122 rows
    Processing row 0/40122 (expanded to 0 so far)
    Processing row 5000/40122 (expanded to 7602 so far)
    Processing row 10000/40122 (expanded to 15247 so far)
    Processing row 15000/40122 (expanded to 23855 so far)
    Processing row 20000/40122 (expanded to 31392 so far)
    Processing row 25000/40122 (expanded to 39549 so far)
    Processing row 30000/40122 (expanded to 48044 so far)
    Processing row 35000/40122 (expanded to 55978 so far)
    Processing row 40000/40122 (expanded to 65107 so far)
  [expand_multi_value_rows] Completed:
    Input rows: 40122
    Output rows: 65294
    Total expansions: 41977
    Max single-row expansion: 26x
    Rows with 10+ expansions: 102
      Row 185: 12x - {12: 6, 7: 2}
      Row 5181: 12x - {7: 2, 9: 3, 11: 2}
      Row 5208: 12x - {7: 2, 9: 3, 11: 2}
      Row 7713: 14x - {12: 7, 7: 2}
      Row 14081: 16x - {12: 2, 7: 2, 9: 2, 11: 2}
[2026-04-30 10:54:36] Multi-value expansion completed in 172.3s
[2026-04-30 10:54:36] Writing 65294 rows to data/Ollama_cleaned_synresolved_standardized_final.csv...
[2026-04-30 10:54:37] Write completed in 0.8s

[2026-04-30 10:54:37] Standardization complete in 782.1s:
  Original rows: 40122
  Rows after taxonomy recovery: 40122 (+0)
  Expanded rows: 65294
  New rows added (multi-value expansion): 25172
  Saved to: data/Ollama_cleaned_synresolved_standardized_final.csv
  Values searched: country, tissue, primary_guild, biome, taxonomy recovery
Step 2: Filtering Dataset...
======================================================================
FILTERING COMPLETE
======================================================================

STARTING DATASET:
  Interactions: 65,294  |  Unique Papers: 18,751

PAPERS LOST BY EACH FILTER:
  After Relevance Check:    18,751 → 18,680  (Lost 71)
  After Kingdom Check:      18,680 → 18,680  (Lost 0)
  After Phylum/Class Check: 18,680 → 18,680  (Lost 0)
  After Guild Check:        18,680 → 17,442  (Lost 1,239)

FINAL DATASET:
  Interactions: 60,999  |  Unique Papers: 18,332
  Total Papers Lost: 419
  Output File: data/Ollama_cleaned_synresolved_filtered.csv
  Filtered Rows File: results/logs/filtered_rows.csv
======================================================================
--- Starting R Geographic Processing ---
Step 3: Geographic Standardizing (ISO Mapping)...
Linking to GEOS 3.14.1, GDAL 3.5.3, PROJ 9.4.1; sf_use_s2() is TRUE

Attaching package: ‘dplyr’

The following objects are masked from ‘package:stats’:

    filter, lag

The following objects are masked from ‘package:base’:

    intersect, setdiff, setequal, union

Found 59 unmatched country terms. Saving to results/unmatched_countries.csv
Standardized country data saved to data/standardized_country_data.csv
Step 4: Country Enrichment (GDP/Centroids)...

Attaching package: ‘dplyr’

The following objects are masked from ‘package:stats’:

    filter, lag

The following objects are masked from ‘package:base’:

    intersect, setdiff, setequal, union

Linking to GEOS 3.14.1, GDAL 3.5.3, PROJ 9.4.1; sf_use_s2() is TRUE
Country enrichment complete:
  Input rows: 8766
  Countries with studies: 154
  Countries enriched: 234
  Countries with zero studies: 85
  Saved to: data/country_enriched_data.csv
--- Final Audit ---
Step 5: Generating Dataset Summary...
============================================================
DATABASE SUMMARY: 60,999 total interactions
============================================================

TOP VALUES FOR: fungal_taxon_phylum
------------------------------
 60,999 (100.0%) | MISSING

TOP VALUES FOR: fungal_taxon_class
------------------------------
 60,999 (100.0%) | MISSING

TOP VALUES FOR: plant_host_phylum
------------------------------
 60,999 (100.0%) | MISSING

TOP VALUES FOR: plant_host_class
------------------------------
 60,999 (100.0%) | MISSING

TOP VALUES FOR: tissue
------------------------------
 14,497 ( 23.8%) | root
 12,895 ( 21.1%) | NA
 10,793 ( 17.7%) | leaf
  5,790 (  9.5%) | stem
  5,419 (  8.9%) | seed
  1,488 (  2.4%) | wood
  1,081 (  1.8%) | fruit
    723 (  1.2%) | rhizosphere
    661 (  1.1%) | "internal tissues
    557 (  0.9%) | soil

TOP VALUES FOR: primary_guild
------------------------------
 27,013 ( 44.3%) | endophyte
 11,561 ( 19.0%) | pathogen
 10,511 ( 17.2%) | endophytic
  3,083 (  5.1%) | biocontrol
  2,403 (  3.9%) | NA
  1,258 (  2.1%) | mutualist
  1,257 (  2.1%) | saprotroph
  1,042 (  1.7%) | mycorrhizal
    837 (  1.4%) | pathogenic
    788 (  1.3%) | symbiotic

TOP VALUES FOR: relevance
------------------------------
 60,999 (100.0%) | Relevant

TOP VALUES FOR: doc_type_ai
------------------------------
 48,502 ( 79.5%) | abstract
 12,399 ( 20.3%) | full-text
     54 (  0.1%) | review
     26 (  0.0%) | NA
     13 (  0.0%) | title
      2 (  0.0%) | report
      1 (  0.0%) | book chapter
      1 (  0.0%) | journal
      1 (  0.0%) | text

TOP VALUES FOR: fungal_taxon_status
------------------------------
 41,125 ( 67.4%) | Resolved
 19,604 ( 32.1%) | Unresolved
    270 (  0.4%) | Partially_Resolved

TOP VALUES FOR: plant_host_status
------------------------------
 49,166 ( 80.6%) | Resolved
 11,464 ( 18.8%) | Unresolved
    369 (  0.6%) | Partially_Resolved

============================================================
ENVIRONMENTAL AUDIT: 60,999 total interactions
============================================================

TOP VALUES FOR: country
------------------------------
 25,548 ( 41.9%) | NA
  6,443 ( 10.6%) | CHN
  2,845 (  4.7%) | IND
  2,676 (  4.4%) | USA
  2,439 (  4.0%) | BRA
    981 (  1.6%) | IDN
    970 (  1.6%) | CAN
    778 (  1.3%) | AUS
    724 (  1.2%) | ZAF
    712 (  1.2%) | THA

TOP VALUES FOR: biome
------------------------------
 25,822 ( 42.3%) | NA
  7,456 ( 12.2%) | forest
  4,964 (  8.1%) | agriculture
  1,726 (  2.8%) | field
  1,650 (  2.7%) | grassland
  1,506 (  2.5%) | mountain
  1,320 (  2.2%) | marine
  1,146 (  1.9%) | mangrove
  1,096 (  1.8%) | desert
    751 (  1.2%) | tropical

TOP VALUES FOR: data_source
------------------------------
 49,409 ( 81.0%) | abstract-csv
 11,590 ( 19.0%) | full-text
Step 6: Running pre-analysis QA check...
========================================================================
PRE-ANALYSIS QA CHECK
========================================================================
Standardized file: data/Ollama_cleaned_synresolved_standardized_final.csv
Rows: 65,294
Unique papers: 18,751
Unique interaction IDs: 40,122

STRUCTURAL CHECKS
------------------------------------------------------------------------
Required columns present: yes
Duplicate interaction rows: 25,172
Duplicate interaction IDs: 16,805

KEY STATUS COUNTS
------------------------------------------------------------------------
fungal_taxon_status: resolved/other=44,468 | unresolved/empty=20,826
plant_host_status: resolved/other=53,020 | unresolved/empty=12,274

MISSINGNESS
------------------------------------------------------------------------
paper_id: 0 missing (0.0%)
interaction_id: 0 missing (0.0%)
fungal_taxon_resolved: 20,826 missing (31.9%)
fungal_taxon_status: 20,826 missing (31.9%)
fungal_taxon_accepted_ids: 20,826 missing (31.9%)
plant_host_resolved: 12,274 missing (18.8%)
plant_host_status: 12,274 missing (18.8%)
plant_host_accepted_ids: 12,274 missing (18.8%)
country: 27,370 missing (41.9%)
biome: 27,066 missing (41.5%)
tissue: 13,296 missing (20.4%)
primary_guild: 2,451 missing (3.8%)

FILTERING RECONCILIATION
------------------------------------------------------------------------
Filtered file rows: 60,999
Filtered audit rows: 4,295
Filtered + audit rows: 65,294

SUMMARY COUNTS
------------------------------------------------------------------------
country: top='NA' (27,370)
biome: top='NA' (27,066)
tissue: top='root' (17,401)
primary_guild: top='endophyte' (27,019)
relevance: top='Relevant' (65,164)
doc_type_ai: top='abstract' (52,116)

WARNINGS
------------------------------------------------------------------------
- Duplicate interaction_id values found across 25,172 extra row(s).

STATUS: PASS_WITH_WARNINGS
Pipeline complete. Check the 'data' folder for enriched CSVs.
