GBIF symlink already exists: data/Reference_datasets/gbif_backbone -> ../data/Reference_datasets/gbif_backbone
--- Environment Preflight (Stage 04) ---
Python executable: /scratch/bmb646/Endo-Review/Endo_Review_Ollama/.venv/bin/python
Python version: 3.11.9
Python dependency check: pandas OK
R version: 4.5.2 
--- Starting Stage 04 Analyses ---
Step 1: Geographic Bias Analysis

Attaching package: ‘dplyr’

The following objects are masked from ‘package:stats’:

    filter, lag

The following objects are masked from ‘package:base’:

    intersect, setdiff, setequal, union


Attaching package: ‘scales’

The following object is masked from ‘package:readr’:

    col_factor


Call:
lm(formula = study_count ~ centroid_lat, data = analysis_data)

Residuals:
    Min      1Q  Median      3Q     Max 
 -58.34  -40.88  -33.72  -19.44 1551.81 

Coefficients:
             Estimate Std. Error t value Pr(>|t|)   
(Intercept)   33.9236    10.9449   3.099  0.00217 **
centroid_lat   0.3888     0.3465   1.122  0.26284   
---
Signif. codes:  0 ‘***’ 0.001 ‘**’ 0.01 ‘*’ 0.05 ‘.’ 0.1 ‘ ’ 1

Residual standard error: 142.7 on 239 degrees of freedom
Multiple R-squared:  0.005243,	Adjusted R-squared:  0.001081 
F-statistic:  1.26 on 1 and 239 DF,  p-value: 0.2628


Call:
lm(formula = study_count ~ gdp_log10, data = analysis_data)

Residuals:
    Min      1Q  Median      3Q     Max 
-122.22  -54.81  -20.50   27.02 1365.51 

Coefficients:
            Estimate Std. Error t value Pr(>|t|)    
(Intercept) -722.286     93.040  -7.763 3.32e-13 ***
gdp_log10     72.085      8.708   8.278 1.32e-14 ***
---
Signif. codes:  0 ‘***’ 0.001 ‘**’ 0.01 ‘*’ 0.05 ‘.’ 0.1 ‘ ’ 1

Residual standard error: 130.8 on 215 degrees of freedom
  (24 observations deleted due to missingness)
Multiple R-squared:  0.2417,	Adjusted R-squared:  0.2382 
F-statistic: 68.52 on 1 and 215 DF,  p-value: 1.322e-14

`geom_smooth()` using formula = 'y ~ x'
Country GDP/latitude analysis complete:
  Input countries: 241
  Countries analyzed: 241
  Correlation rows written: 2
  Summary table saved to: results/country_analysis/country_gdp_latitude_summary.csv
  Correlations saved to: results/country_analysis/country_gdp_latitude_correlations.csv
  Scatter plot saved to: results/country_analysis/country_gdp_latitude_scatter.png
Step 2: Taxonomic Bias Analysis

Attaching package: ‘dplyr’

The following objects are masked from ‘package:stats’:

    filter, lag

The following objects are masked from ‘package:base’:

    intersect, setdiff, setequal, union


Attaching package: ‘scales’

The following object is masked from ‘package:readr’:

    col_factor

Loading study-level host data...
Loading GBIF backbone reference species...
[2026-05-01T08:36:39.299] error: *** JOB 28275159 ON cn66 CANCELLED AT 2026-05-01T08:36:39 DUE to SIGNAL Terminated ***
