GBIF symlink already exists: data/Reference_datasets/gbif_backbone -> ../data/Reference_datasets/gbif_backbone
--- Environment Preflight (Stage 04) ---
Python executable: /scratch/bmb646/Endo-Review/Endo_Review_Ollama/.venv/bin/python
Python version: 3.11.9
Python dependency check: pandas OK
R version: 4.5.2 
--- Starting Stage 04 Analyses ---
Step 1: Geographic Bias Analysis

Attaching package: ‘dplyr’

The following objects are masked from ‘package:stats’:

    filter, lag

The following objects are masked from ‘package:base’:

    intersect, setdiff, setequal, union


Attaching package: ‘scales’

The following object is masked from ‘package:readr’:

    col_factor


Call:
lm(formula = study_count ~ centroid_lat, data = analysis_data)

Residuals:
    Min      1Q  Median      3Q     Max 
 -58.34  -40.88  -33.72  -19.44 1551.81 

Coefficients:
             Estimate Std. Error t value Pr(>|t|)   
(Intercept)   33.9236    10.9449   3.099  0.00217 **
centroid_lat   0.3888     0.3465   1.122  0.26284   
---
Signif. codes:  0 ‘***’ 0.001 ‘**’ 0.01 ‘*’ 0.05 ‘.’ 0.1 ‘ ’ 1

Residual standard error: 142.7 on 239 degrees of freedom
Multiple R-squared:  0.005243,	Adjusted R-squared:  0.001081 
F-statistic:  1.26 on 1 and 239 DF,  p-value: 0.2628


Call:
lm(formula = study_count ~ gdp_log10, data = analysis_data)

Residuals:
    Min      1Q  Median      3Q     Max 
-122.22  -54.81  -20.50   27.02 1365.51 

Coefficients:
            Estimate Std. Error t value Pr(>|t|)    
(Intercept) -722.286     93.040  -7.763 3.32e-13 ***
gdp_log10     72.085      8.708   8.278 1.32e-14 ***
---
Signif. codes:  0 ‘***’ 0.001 ‘**’ 0.01 ‘*’ 0.05 ‘.’ 0.1 ‘ ’ 1

Residual standard error: 130.8 on 215 degrees of freedom
  (24 observations deleted due to missingness)
Multiple R-squared:  0.2417,	Adjusted R-squared:  0.2382 
F-statistic: 68.52 on 1 and 215 DF,  p-value: 1.322e-14

Country GDP/latitude analysis complete:
  Input countries: 241
  Countries analyzed: 241
  Correlation rows written: 2
  Summary table saved to: results/country_analysis/country_gdp_latitude_summary.csv
  Correlations saved to: results/country_analysis/country_gdp_latitude_correlations.csv
Step 2: Taxonomic Bias Analysis

Attaching package: ‘dplyr’

The following objects are masked from ‘package:stats’:

    filter, lag

The following objects are masked from ‘package:base’:

    intersect, setdiff, setequal, union


Attaching package: ‘scales’

The following object is masked from ‘package:readr’:

    col_factor

Loading study-level host data...
Loading GBIF backbone reference species (with caching)...
Loading cached GBIF objects...
Loading cached GBIF minimal taxonomy cache
Loading cached GBIF minimal taxonomy cache completed in 0.96 sec
Loading cached GBIF reference species cache
Loading cached GBIF reference species cache completed in 1.44 sec
Rebuilding GBIF parent/phylum lookup tables
Rebuilding GBIF parent/phylum lookup tables completed in 0.00 sec
Resolving GBIF phylum lookup from lineage
Resolving GBIF phylum lookup from lineage completed in 0.37 sec
Backfilling missing phylum values from GBIF lineage
Backfilling missing phylum values from GBIF lineage completed in 0.14 sec
Loading PBDB extinct taxa to exclude extinct plant species from denominator
Loading PBDB extinct taxa to exclude extinct plant species from denominator completed in 0.32 sec
Summarizing PBDB extant/extinct species
Summarizing PBDB extant/extinct species completed in 0.75 sec
Extracting studied plant species IDs...
Taxonomy coverage analysis complete:
  GBIF species missing phylum before lineage backfill: 1,260
  GBIF species phylum backfilled from lineage: 0
  GBIF species still missing phylum after backfill: 1,260
  Known plant species (GBIF accepted, raw): 392,126
  PBDB extinct species names (all extinct records): 16,920
  PBDB extinct-only species names (not also marked extant): 16,859
  Species removed by PBDB extinct filter: 10,814
  Known plant species (post-filter denominator): 381,312
  Studied plant species (matched by accepted ID): 3,190
  Coverage: 0.84%
  Summary file: results/taxonomy_analysis/plant_species_coverage_summary.csv
  Phylum table: results/taxonomy_analysis/plant_species_coverage_by_phylum.csv
  Genus phylum table: results/taxonomy_analysis/plant_genus_coverage_by_phylum.csv
  Family phylum table: results/taxonomy_analysis/plant_family_coverage_by_phylum.csv
  Top species table: results/taxonomy_analysis/top_studied_plant_species.csv
  Plotting moved to scripts/05_plotting/taxonomy_representation.R
Step 3: Taxonomy Representation Plots

Attaching package: ‘dplyr’

The following objects are masked from ‘package:stats’:

    filter, lag

The following objects are masked from ‘package:base’:

    intersect, setdiff, setequal, union


Attaching package: ‘scales’

The following object is masked from ‘package:readr’:

    col_factor

Loading taxonomy coverage data...
Phylum ordering (by total known species, most to least):
  1. Tracheophyta
  2. Bryophyta
  3. Marchantiophyta
  4. Rhodophyta
  5. Chlorophyta
  6. Charophyta
  7. Anthocerotophyta
  8. Langiophytophyta
  9. Glaucophyta
Generating taxonomy bias plots...
Saving plots to results/taxonomy_analysis/plots 
Saved: results/taxonomy_analysis/plots/01_species_coverage_bar.png 
Saved: results/taxonomy_analysis/plots/02_species_studied_bar.png 
Saved: results/taxonomy_analysis/plots/03_species_coverage_lollipop.png 
Saved: results/taxonomy_analysis/plots/04_species_summary_heatmap.png 
Saved: results/taxonomy_analysis/plots/05_genera_coverage_bar.png 
Saved: results/taxonomy_analysis/plots/06_genera_studied_bar.png 
Saved: results/taxonomy_analysis/plots/07_genera_coverage_lollipop.png 
Saved: results/taxonomy_analysis/plots/08_genera_summary_heatmap.png 
Saved: results/taxonomy_analysis/plots/09_families_coverage_bar.png 
Saved: results/taxonomy_analysis/plots/10_families_studied_bar.png 
Saved: results/taxonomy_analysis/plots/11_families_coverage_lollipop.png 
Saved: results/taxonomy_analysis/plots/12_families_summary_heatmap.png 

Taxonomy representation plots complete!
Step 4: Geographic Bias Mapping

Attaching package: ‘dplyr’

The following objects are masked from ‘package:stats’:

    filter, lag

The following objects are masked from ‘package:base’:

    intersect, setdiff, setequal, union

Error in library(leaflet) : there is no package called ‘leaflet’
Execution halted
