GBIF symlink already exists: data/Reference_datasets/gbif_backbone -> ../data/Reference_datasets/gbif_backbone
--- Environment Preflight (Stage 04) ---
Python executable: /scratch/bmb646/Endo-Review/Endo_Review_Ollama/.venv/bin/python
Python version: 3.11.9
Python dependency check: pandas OK
R version: 4.5.2 
--- Starting Stage 04 Analyses ---
Step 1: Geographic Bias Analysis

Attaching package: ‘dplyr’

The following objects are masked from ‘package:stats’:

    filter, lag

The following objects are masked from ‘package:base’:

    intersect, setdiff, setequal, union


Attaching package: ‘scales’

The following object is masked from ‘package:readr’:

    col_factor


Call:
lm(formula = study_count ~ centroid_lat, data = analysis_data)

Residuals:
    Min      1Q  Median      3Q     Max 
 -53.49  -37.21  -30.51  -17.69 1555.84 

Coefficients:
             Estimate Std. Error t value Pr(>|t|)   
(Intercept)   30.7082    10.6259   2.890  0.00422 **
centroid_lat   0.3665     0.3392   1.081  0.28101   
---
Signif. codes:  0 ‘***’ 0.001 ‘**’ 0.01 ‘*’ 0.05 ‘.’ 0.1 ‘ ’ 1

Residual standard error: 137.4 on 232 degrees of freedom
Multiple R-squared:  0.005008,	Adjusted R-squared:  0.000719 
F-statistic: 1.168 on 1 and 232 DF,  p-value: 0.281


Call:
lm(formula = study_count ~ gdp_log10, data = analysis_data)

Residuals:
    Min      1Q  Median      3Q     Max 
-115.79  -51.89  -19.95   24.12 1379.54 

Coefficients:
            Estimate Std. Error t value Pr(>|t|)    
(Intercept) -668.519     91.943  -7.271 7.11e-12 ***
gdp_log10     66.977      8.648   7.745 4.12e-13 ***
---
Signif. codes:  0 ‘***’ 0.001 ‘**’ 0.01 ‘*’ 0.05 ‘.’ 0.1 ‘ ’ 1

Residual standard error: 127.7 on 208 degrees of freedom
  (24 observations deleted due to missingness)
Multiple R-squared:  0.2238,	Adjusted R-squared:  0.2201 
F-statistic: 59.99 on 1 and 208 DF,  p-value: 4.122e-13

`geom_smooth()` using formula = 'y ~ x'
Country GDP/latitude analysis complete:
  Input countries: 234
  Countries analyzed: 234
  Correlation rows written: 2
  Summary table saved to: results/country_analysis/country_gdp_latitude_summary.csv
  Correlations saved to: results/country_analysis/country_gdp_latitude_correlations.csv
  Scatter plot saved to: results/country_analysis/country_gdp_latitude_scatter.png
Step 2: Taxonomic Bias Analysis

Attaching package: ‘dplyr’

The following objects are masked from ‘package:stats’:

    filter, lag

The following objects are masked from ‘package:base’:

    intersect, setdiff, setequal, union


Attaching package: ‘scales’

The following object is masked from ‘package:readr’:

    col_factor

Loading study-level host data...
Loading GBIF backbone reference species...
[2026-05-01T08:02:37.773] error: *** JOB 28275145 ON cn66 CANCELLED AT 2026-05-01T08:02:37 DUE to SIGNAL Terminated ***
